// Jest Snapshot v1, https://goo.gl/fbAQLP

exports[`>>> KeyboardTextInputPrompt --- Test rendering component should render correctly 1`] = `
<Modal
  animationType="slide"
  hardwareAccelerated={false}
  onRequestClose={[Function]}
  transparent={true}
  visible={false}
>
  <View
    style={
      Object {
        "backgroundColor": "rgba(0, 0, 0, 0.4)",
        "flex": 1,
      }
    }
  >
    <View
      accessibilityComponentType={undefined}
      accessibilityLabel={undefined}
      accessibilityTraits={undefined}
      accessible={true}
      hitSlop={undefined}
      nativeID={undefined}
      onLayout={undefined}
      onResponderGrant={[Function]}
      onResponderMove={[Function]}
      onResponderRelease={[Function]}
      onResponderTerminate={[Function]}
      onResponderTerminationRequest={[Function]}
      onStartShouldSetResponder={[Function]}
      style={
        Object {
          "flex": 1,
        }
      }
      testID={undefined}
    />
    <View>
      <TextInput
        allowFontScaling={true}
        autoFocus={true}
        keyboardType="default"
        onChangeText={[Function]}
        onEndEditing={[Function]}
        onFocus={[Function]}
        placeholder={undefined}
        style={
          Array [
            Object {
              "backgroundColor": "white",
              "borderColor": "#AAA",
              "borderWidth": 1,
              "height": 40,
              "marginTop": 15,
              "padding": 10,
            },
            undefined,
          ]
        }
        underlineColorAndroid="transparent"
        value={undefined}
      />
    </View>
  </View>
</Modal>
`;
